2025-01 resc_x40               0.0s
2025-01 resc_x40_cap           0.0s
2025-01 resc_median            0.0s
2025-01 resc_none              0.0s
2025-01 resc_x40_2y            0.0s
2025-01 resc_x40_2y_cap        0.0s
2025-01 resc_x40_brand         0.0s
2025-01 resc_x40_w6            0.0s
2025-01 resc_x40_w9            0.0s
2025-01 clean_median_h12       0.0s
2025-02 resc_x40               0.0s
2025-02 resc_x40_cap           0.0s
2025-02 resc_median            0.0s
2025-02 resc_none              0.0s
2025-02 resc_x40_2y            0.0s
2025-02 resc_x40_2y_cap        0.0s
2025-02 resc_x40_brand         0.0s
2025-02 resc_x40_w6            0.0s
2025-02 resc_x40_w9            0.0s
2025-02 clean_median_h12       0.0s
2025-03 resc_x40               0.0s
2025-03 resc_x40_cap           0.0s
2025-03 resc_median            0.0s
2025-03 resc_none              0.0s
2025-03 resc_x40_2y            0.0s
2025-03 resc_x40_2y_cap        0.0s
2025-03 resc_x40_brand         0.0s
2025-03 resc_x40_w6            0.0s
2025-03 resc_x40_w9            0.0s
2025-03 clean_median_h12       0.0s
2025-04 resc_x40               0.0s
2025-04 resc_x40_cap           0.0s
2025-04 resc_median            0.0s
2025-04 resc_none              0.0s
2025-04 resc_x40_2y            0.0s
2025-04 resc_x40_2y_cap        0.0s
2025-04 resc_x40_brand         0.0s
2025-04 resc_x40_w6            0.0s
2025-04 resc_x40_w9            0.0s
2025-04 clean_median_h12       0.0s
2025-05 resc_x40               0.0s
2025-05 resc_x40_cap           0.0s
2025-05 resc_median            0.0s
2025-05 resc_none              0.0s
2025-05 resc_x40_2y            0.0s
2025-05 resc_x40_2y_cap        0.0s
2025-05 resc_x40_brand         0.0s
2025-05 resc_x40_w6            0.0s
2025-05 resc_x40_w9            0.0s
2025-05 clean_median_h12       0.0s
2025-06 resc_x40               0.0s
2025-06 resc_x40_cap           0.0s
2025-06 resc_median            0.0s
2025-06 resc_none              0.0s
2025-06 resc_x40_2y            0.0s
2025-06 resc_x40_2y_cap        0.0s
2025-06 resc_x40_brand         0.0s
2025-06 resc_x40_w6            0.0s
2025-06 resc_x40_w9            0.0s
2025-06 clean_median_h12       0.0s
2025-07 resc_x40               0.0s
2025-07 resc_x40_cap           0.0s
2025-07 resc_median            0.0s
2025-07 resc_none              0.0s
2025-07 resc_x40_2y            0.0s
2025-07 resc_x40_2y_cap        0.0s
2025-07 resc_x40_brand         0.0s
2025-07 resc_x40_w6            0.0s
2025-07 resc_x40_w9            0.0s
2025-07 clean_median_h12       0.0s
2025-08 resc_x40               0.0s
2025-08 resc_x40_cap           0.0s
2025-08 resc_median            0.0s
2025-08 resc_none              0.0s
2025-08 resc_x40_2y            0.0s
2025-08 resc_x40_2y_cap        0.0s
2025-08 resc_x40_brand         0.0s
2025-08 resc_x40_w6            0.0s
2025-08 resc_x40_w9            0.0s
2025-08 clean_median_h12       0.0s
2025-09 resc_x40               0.0s
2025-09 resc_x40_cap           0.0s
2025-09 resc_median            0.0s
2025-09 resc_none              0.0s
2025-09 resc_x40_2y            0.0s
2025-09 resc_x40_2y_cap        0.0s
2025-09 resc_x40_brand         0.0s
2025-09 resc_x40_w6            0.0s
2025-09 resc_x40_w9            0.0s
2025-09 clean_median_h12       0.0s
2025-10 resc_x40               0.0s
2025-10 resc_x40_cap           0.0s
2025-10 resc_median            0.0s
2025-10 resc_none              0.0s
2025-10 resc_x40_2y            0.0s
2025-10 resc_x40_2y_cap        0.0s
2025-10 resc_x40_brand         0.0s
2025-10 resc_x40_w6            0.0s
2025-10 resc_x40_w9            0.0s
2025-10 clean_median_h12       0.0s
2025-11 resc_x40               0.0s
2025-11 resc_x40_cap           0.0s
2025-11 resc_median            0.0s
2025-11 resc_none              0.0s
2025-11 resc_x40_2y            0.0s
2025-11 resc_x40_2y_cap        0.0s
2025-11 resc_x40_brand         0.0s
2025-11 resc_x40_w6            0.0s
2025-11 resc_x40_w9            0.0s
2025-11 clean_median_h12       0.0s
2025-12 resc_x40               0.0s
2025-12 resc_x40_cap           0.0s
2025-12 resc_median            0.0s
2025-12 resc_none              0.0s
2025-12 resc_x40_2y            0.0s
2025-12 resc_x40_2y_cap        0.0s
2025-12 resc_x40_brand         0.0s
2025-12 resc_x40_w6            0.0s
2025-12 resc_x40_w9            0.0s
2025-12 clean_median_h12       0.0s
2026-01 resc_x40               0.0s
2026-01 resc_x40_cap           0.0s
2026-01 resc_median            0.0s
2026-01 resc_none              0.0s
2026-01 resc_x40_2y            0.0s
2026-01 resc_x40_2y_cap        0.0s
2026-01 resc_x40_brand         0.0s
2026-01 resc_x40_w6            0.0s
2026-01 resc_x40_w9            0.0s
2026-01 clean_median_h12       0.0s
2026-02 resc_x40               0.0s
2026-02 resc_x40_cap           0.0s
2026-02 resc_median            0.0s
2026-02 resc_none              0.0s
2026-02 resc_x40_2y            0.0s
2026-02 resc_x40_2y_cap        0.0s
2026-02 resc_x40_brand         0.0s
2026-02 resc_x40_w6            0.0s
2026-02 resc_x40_w9            0.0s
2026-02 clean_median_h12       0.0s
2026-03 resc_x40               0.0s
2026-03 resc_x40_cap           0.0s
2026-03 resc_median            0.0s
2026-03 resc_none              0.0s
2026-03 resc_x40_2y            0.0s
2026-03 resc_x40_2y_cap        0.0s
2026-03 resc_x40_brand         0.0s
2026-03 resc_x40_w6            0.0s
2026-03 resc_x40_w9            0.0s
2026-03 clean_median_h12       0.0s
2026-04 resc_x40               0.0s
2026-04 resc_x40_cap           0.0s
2026-04 resc_median            0.0s
2026-04 resc_none              0.0s
2026-04 resc_x40_2y            0.0s
2026-04 resc_x40_2y_cap        0.0s
2026-04 resc_x40_brand         0.0s
2026-04 resc_x40_w6            0.0s
2026-04 resc_x40_w9            0.0s
2026-04 clean_median_h12       0.0s
2026-05 resc_x40               0.0s
2026-05 resc_x40_cap           0.0s
2026-05 resc_median            0.0s
2026-05 resc_none              0.0s
2026-05 resc_x40_2y            0.0s
2026-05 resc_x40_2y_cap        0.0s
2026-05 resc_x40_brand         0.0s
2026-05 resc_x40_w6            0.0s
2026-05 resc_x40_w9            0.0s
2026-05 clean_median_h12       0.0s
2026-06 resc_x40               0.0s
2026-06 resc_x40_cap           0.0s
2026-06 resc_median            0.0s
2026-06 resc_none              0.0s
2026-06 resc_x40_2y            0.0s
2026-06 resc_x40_2y_cap        0.0s
2026-06 resc_x40_brand         0.0s
2026-06 resc_x40_w6            0.0s
2026-06 resc_x40_w9            0.0s
2026-06 clean_median_h12       0.0s
2026-07 resc_x40               0.0s
2026-07 resc_x40_cap           0.0s
2026-07 resc_median            0.0s
2026-07 resc_none              0.0s
2026-07 resc_x40_2y            0.0s
2026-07 resc_x40_2y_cap        0.0s
2026-07 resc_x40_brand         0.0s
2026-07 resc_x40_w6            0.0s
2026-07 resc_x40_w9            0.0s
2026-07 clean_median_h12       0.0s
(571520, 7)
