2025-01 house12_lfl            0.0s
2025-01 house6_lfl             0.0s
2025-01 brand12_lfl            0.0s
2025-01 house12_lfl_clean      0.0s
2025-01 epos_house6            0.0s
2025-01 epos_brand6            0.0s
2025-01 epos_house3            0.0s
2025-01 house12_clean_resc     0.0s
2025-01 house12_clean_x30      0.0s
2025-01 house12_clean_x60      0.0s
2025-01 house12_clean_x100     0.0s
2025-01 house9_clean           0.0s
2025-02 house12_lfl            0.0s
2025-02 house6_lfl             0.0s
2025-02 brand12_lfl            0.0s
2025-02 house12_lfl_clean      0.0s
2025-02 epos_house6            0.0s
2025-02 epos_brand6            0.0s
2025-02 epos_house3            0.0s
2025-02 house12_clean_resc     0.0s
2025-02 house12_clean_x30      0.0s
2025-02 house12_clean_x60      0.0s
2025-02 house12_clean_x100     0.0s
2025-02 house9_clean           0.0s
2025-03 house12_lfl            0.0s
2025-03 house6_lfl             0.0s
2025-03 brand12_lfl            0.0s
2025-03 house12_lfl_clean      0.0s
2025-03 epos_house6            0.0s
2025-03 epos_brand6            0.0s
2025-03 epos_house3            0.0s
2025-03 house12_clean_resc     0.0s
2025-03 house12_clean_x30      0.0s
2025-03 house12_clean_x60      0.0s
2025-03 house12_clean_x100     0.0s
2025-03 house9_clean           0.0s
2025-04 house12_lfl            0.0s
2025-04 house6_lfl             0.0s
2025-04 brand12_lfl            0.0s
2025-04 house12_lfl_clean      0.0s
2025-04 epos_house6            0.0s
2025-04 epos_brand6            0.0s
2025-04 epos_house3            0.0s
2025-04 house12_clean_resc     0.0s
2025-04 house12_clean_x30      0.0s
2025-04 house12_clean_x60      0.0s
2025-04 house12_clean_x100     0.0s
2025-04 house9_clean           0.0s
2025-05 house12_lfl            0.0s
2025-05 house6_lfl             0.0s
2025-05 brand12_lfl            0.0s
2025-05 house12_lfl_clean      0.0s
2025-05 epos_house6            0.0s
2025-05 epos_brand6            0.0s
2025-05 epos_house3            0.0s
2025-05 house12_clean_resc     0.0s
2025-05 house12_clean_x30      0.0s
2025-05 house12_clean_x60      0.0s
2025-05 house12_clean_x100     0.0s
2025-05 house9_clean           0.0s
2025-06 house12_lfl            0.0s
2025-06 house6_lfl             0.0s
2025-06 brand12_lfl            0.0s
2025-06 house12_lfl_clean      0.0s
2025-06 epos_house6            0.0s
2025-06 epos_brand6            0.0s
2025-06 epos_house3            0.0s
2025-06 house12_clean_resc     0.0s
2025-06 house12_clean_x30      0.0s
2025-06 house12_clean_x60      0.0s
2025-06 house12_clean_x100     0.0s
2025-06 house9_clean           0.0s
2025-07 house12_lfl            0.0s
2025-07 house6_lfl             0.0s
2025-07 brand12_lfl            0.0s
2025-07 house12_lfl_clean      0.0s
2025-07 epos_house6            0.0s
2025-07 epos_brand6            0.0s
2025-07 epos_house3            0.0s
2025-07 house12_clean_resc     0.0s
2025-07 house12_clean_x30      0.0s
2025-07 house12_clean_x60      0.0s
2025-07 house12_clean_x100     0.0s
2025-07 house9_clean           0.0s
2025-08 house12_lfl            0.0s
2025-08 house6_lfl             0.0s
2025-08 brand12_lfl            0.0s
2025-08 house12_lfl_clean      0.0s
2025-08 epos_house6            0.0s
2025-08 epos_brand6            0.0s
2025-08 epos_house3            0.0s
2025-08 house12_clean_resc     0.0s
2025-08 house12_clean_x30      0.0s
2025-08 house12_clean_x60      0.0s
2025-08 house12_clean_x100     0.0s
2025-08 house9_clean           0.0s
2025-09 house12_lfl            0.0s
2025-09 house6_lfl             0.0s
2025-09 brand12_lfl            0.0s
2025-09 house12_lfl_clean      0.0s
2025-09 epos_house6            0.0s
2025-09 epos_brand6            0.0s
2025-09 epos_house3            0.0s
2025-09 house12_clean_resc     0.0s
2025-09 house12_clean_x30      0.0s
2025-09 house12_clean_x60      0.0s
2025-09 house12_clean_x100     0.0s
2025-09 house9_clean           0.0s
2025-10 house12_lfl            0.0s
2025-10 house6_lfl             0.0s
2025-10 brand12_lfl            0.0s
2025-10 house12_lfl_clean      0.0s
2025-10 epos_house6            0.0s
2025-10 epos_brand6            0.0s
2025-10 epos_house3            0.0s
2025-10 house12_clean_resc     0.0s
2025-10 house12_clean_x30      0.0s
2025-10 house12_clean_x60      0.0s
2025-10 house12_clean_x100     0.0s
2025-10 house9_clean           0.0s
2025-11 house12_lfl            0.0s
2025-11 house6_lfl             0.0s
2025-11 brand12_lfl            0.0s
2025-11 house12_lfl_clean      0.0s
2025-11 epos_house6            0.0s
2025-11 epos_brand6            0.0s
2025-11 epos_house3            0.0s
2025-11 house12_clean_resc     0.0s
2025-11 house12_clean_x30      0.0s
2025-11 house12_clean_x60      0.0s
2025-11 house12_clean_x100     0.0s
2025-11 house9_clean           0.0s
2025-12 house12_lfl            0.0s
2025-12 house6_lfl             0.0s
2025-12 brand12_lfl            0.0s
2025-12 house12_lfl_clean      0.0s
2025-12 epos_house6            0.0s
2025-12 epos_brand6            0.0s
2025-12 epos_house3            0.0s
2025-12 house12_clean_resc     0.0s
2025-12 house12_clean_x30      0.0s
2025-12 house12_clean_x60      0.0s
2025-12 house12_clean_x100     0.0s
2025-12 house9_clean           0.0s
2026-01 house12_lfl            0.0s
2026-01 house6_lfl             0.0s
2026-01 brand12_lfl            0.0s
2026-01 house12_lfl_clean      0.0s
2026-01 epos_house6            0.0s
2026-01 epos_brand6            0.0s
2026-01 epos_house3            0.0s
2026-01 house12_clean_resc     0.0s
2026-01 house12_clean_x30      0.0s
2026-01 house12_clean_x60      0.0s
2026-01 house12_clean_x100     0.0s
2026-01 house9_clean           0.0s
2026-02 house12_lfl            0.0s
2026-02 house6_lfl             0.0s
2026-02 brand12_lfl            0.0s
2026-02 house12_lfl_clean      0.0s
2026-02 epos_house6            0.0s
2026-02 epos_brand6            0.0s
2026-02 epos_house3            0.0s
2026-02 house12_clean_resc     0.0s
2026-02 house12_clean_x30      0.0s
2026-02 house12_clean_x60      0.0s
2026-02 house12_clean_x100     0.0s
2026-02 house9_clean           0.0s
2026-03 house12_lfl            0.0s
2026-03 house6_lfl             0.0s
2026-03 brand12_lfl            0.0s
2026-03 house12_lfl_clean      0.0s
2026-03 epos_house6            0.0s
2026-03 epos_brand6            0.0s
2026-03 epos_house3            0.0s
2026-03 house12_clean_resc     0.0s
2026-03 house12_clean_x30      0.0s
2026-03 house12_clean_x60      0.0s
2026-03 house12_clean_x100     0.0s
2026-03 house9_clean           0.0s
2026-04 house12_lfl            0.0s
2026-04 house6_lfl             0.0s
2026-04 brand12_lfl            0.0s
2026-04 house12_lfl_clean      0.0s
2026-04 epos_house6            0.0s
2026-04 epos_brand6            0.0s
2026-04 epos_house3            0.0s
2026-04 house12_clean_resc     0.0s
2026-04 house12_clean_x30      0.0s
2026-04 house12_clean_x60      0.0s
2026-04 house12_clean_x100     0.0s
2026-04 house9_clean           0.0s
2026-05 house12_lfl            0.0s
2026-05 house6_lfl             0.0s
2026-05 brand12_lfl            0.0s
2026-05 house12_lfl_clean      0.0s
2026-05 epos_house6            0.0s
2026-05 epos_brand6            0.0s
2026-05 epos_house3            0.0s
2026-05 house12_clean_resc     0.0s
2026-05 house12_clean_x30      0.0s
2026-05 house12_clean_x60      0.0s
2026-05 house12_clean_x100     0.0s
2026-05 house9_clean           0.0s
2026-06 house12_lfl            0.0s
2026-06 house6_lfl             0.0s
2026-06 brand12_lfl            0.0s
2026-06 house12_lfl_clean      0.0s
2026-06 epos_house6            0.0s
2026-06 epos_brand6            0.0s
2026-06 epos_house3            0.0s
2026-06 house12_clean_resc     0.0s
2026-06 house12_clean_x30      0.0s
2026-06 house12_clean_x60      0.0s
2026-06 house12_clean_x100     0.0s
2026-06 house9_clean           0.0s
2026-07 house12_lfl            0.0s
2026-07 house6_lfl             0.0s
2026-07 brand12_lfl            0.0s
2026-07 house12_lfl_clean      0.0s
2026-07 epos_house6            0.0s
2026-07 epos_brand6            0.0s
2026-07 epos_house3            0.0s
2026-07 house12_clean_resc     0.0s
2026-07 house12_clean_x30      0.0s
2026-07 house12_clean_x60      0.0s
2026-07 house12_clean_x100     0.0s
2026-07 house9_clean           0.0s
(1001376, 7)
