                                                      2025-09  2025-12  2026-03  2026-06  media   peor  bias_2025-09  bias_2025-12  bias_2026-03  bias_2026-06  |bias|medio
tecnica                                                                                                                                                                    
trend12M_completo@house                                 0.716    0.621    0.586    0.553  0.619  0.716        -0.350        -0.161        -0.077        -0.034        0.156
trend12M_completo@total                                 0.715    0.617    0.591    0.558  0.620  0.715        -0.361        -0.196        -0.080        -0.038        0.169
trend12M_completo@total+calib3M50%@house_ptype          0.714    0.629    0.595    0.571  0.627  0.714        -0.447        -0.117        -0.059         0.014        0.159
trend12M_completo@house+calib3M50%@house_ptype          0.713    0.640    0.590    0.573  0.629  0.713        -0.437        -0.082        -0.063         0.015        0.149
trend12M_completo@house+calib3M50%@total                0.712    0.643    0.592    0.571  0.629  0.712        -0.448        -0.072        -0.045         0.026        0.148
trend12M_completo@total+calib3M50%@total                0.713    0.635    0.598    0.572  0.630  0.713        -0.457        -0.100        -0.044         0.024        0.156
trend12M_completo@house_ptype                           0.729    0.629    0.606    0.562  0.631  0.729        -0.290        -0.137        -0.030        -0.019        0.119
trend12M_75%@total                                      0.725    0.632    0.609    0.572  0.634  0.725        -0.293        -0.113         0.001         0.022        0.107
mix50(consenso,trend12M_50%@house_ptype)                0.713    0.662    0.611    0.552  0.634  0.713         0.046         0.137         0.144         0.119        0.111
trend12M_completo@house_ptype+calib3M50%@total          0.714    0.644    0.608    0.573  0.635  0.714        -0.397        -0.076        -0.020         0.024        0.129
trend12M_75%@house                                      0.726    0.638    0.605    0.571  0.635  0.726        -0.284        -0.087         0.003         0.025        0.100
trend12M_completo@house_ptype+calib3M50%@house_ptype    0.720    0.638    0.607    0.578  0.636  0.720        -0.382        -0.089        -0.023         0.019        0.128
trend12M_75%@total+calib3M50%@house_ptype               0.714    0.646    0.605    0.584  0.637  0.714        -0.387        -0.059        -0.008         0.051        0.126
trend12M_75%@total+calib3M50%@total                     0.712    0.648    0.608    0.581  0.637  0.712        -0.399        -0.053        -0.001         0.051        0.126
trend12M_75%@house+calib3M50%@total                     0.712    0.655    0.604    0.581  0.638  0.712        -0.392        -0.033        -0.001         0.053        0.120
trend12M_75%@house+calib3M50%@house_ptype               0.715    0.654    0.602    0.585  0.639  0.715        -0.380        -0.035        -0.010         0.052        0.119
trend12M_75%@house_ptype+calib3M50%@total               0.716    0.655    0.614    0.581  0.641  0.716        -0.354        -0.035         0.018         0.052        0.115
trend12M_75%@house_ptype+calib3M100%@total              0.713    0.667    0.608    0.586  0.644  0.713        -0.468        -0.002        -0.003         0.068        0.135
trend12M_50%@house_ptype+calib3M100%@total              0.712    0.671    0.609    0.586  0.644  0.712        -0.432         0.010         0.003         0.067        0.128
trend12M_75%@house_ptype+calib3M50%@house_ptype         0.722    0.654    0.614    0.588  0.644  0.722        -0.339        -0.038         0.016         0.057        0.112
trend12M_completo@house_ptype+calib3M100%@total         0.718    0.663    0.610    0.587  0.644  0.718        -0.503        -0.016        -0.009         0.068        0.149
trend12M_75%@house_ptype                                0.739    0.644    0.620    0.575  0.645  0.739        -0.240        -0.069         0.038         0.036        0.096
trend12M_25%@house_ptype+calib3M100%@total              0.712    0.675    0.610    0.586  0.646  0.712        -0.397         0.021         0.008         0.067        0.123
trend12M_completo@total+calib3M100%@house_ptype         0.727    0.655    0.603    0.598  0.646  0.727        -0.532        -0.038        -0.038         0.067        0.169
trend12M_50%@house+calib3M100%@total                    0.712    0.677    0.606    0.589  0.646  0.712        -0.453         0.025         0.001         0.075        0.139
trend12M_75%@house+calib3M100%@total                    0.717    0.675    0.603    0.591  0.646  0.717        -0.499         0.021        -0.005         0.081        0.152
trend12M_50%@total+calib3M100%@total                    0.713    0.673    0.609    0.591  0.647  0.713        -0.457         0.016         0.003         0.075        0.138
trend12M_25%@house+calib3M100%@total                    0.712    0.678    0.609    0.588  0.647  0.712        -0.407         0.028         0.007         0.070        0.128
trend12M_25%@total+calib3M100%@total                    0.712    0.677    0.610    0.589  0.647  0.712        -0.409         0.024         0.008         0.070        0.128
trend12M_75%@total+calib3M100%@total                    0.718    0.669    0.608    0.593  0.647  0.718        -0.505         0.007        -0.002         0.080        0.148
          2025-09  2025-12  2026-03  ...  bias_2026-03  bias_2026-06  |bias|medio
tecnica                              ...                                         
consenso    0.875    0.805    0.629  ...         0.181         0.145        0.221
LY_plano    0.786    0.728    0.714  ...         0.244         0.204        0.168

[2 rows x 11 columns]

== base trend12M_50%@house_ptype
                                       2025-12  2026-03  2026-06  media  bias_2025-12  bias_2026-03  bias_2026-06  |bias|medio
tecnica                                                                                                                       
anterior_x_real/fc_100%@total            0.701    0.596    0.554  0.617         0.037        -0.090        -0.032        0.053
anterior_x_real/fc_50%@total             0.688    0.613    0.562  0.621         0.006        -0.012        -0.003        0.007
anterior_x_real/fc_50%@ean               0.688    0.628    0.549  0.622        -0.006        -0.038        -0.031        0.025
media(anterior,recalculo)                0.664    0.637    0.574  0.625        -0.013         0.087         0.059        0.053
recalcular_x_real/fc_100%@total          0.716    0.597    0.573  0.629         0.111        -0.055         0.030        0.065
congelar_lo_anterior                     0.676    0.641    0.572  0.629        -0.025         0.066         0.026        0.039
recalcular_x_real/fc_50%@total           0.690    0.615    0.584  0.629         0.055         0.026         0.061        0.047
recalcular_x_real/fc_50%@ean             0.695    0.633    0.567  0.632         0.036         0.003         0.034        0.024
recalcular_desde_cero                    0.667    0.644    0.595  0.635        -0.001         0.107         0.092        0.067
anterior_x_real/fc_50%@house_ptype       0.688    0.642    0.578  0.636         0.008        -0.007        -0.005        0.007
recalcular_x_real/fc_50%@house_ptype     0.694    0.650    0.596  0.647         0.063         0.037         0.061        0.054
anterior_x_real/fc_100%@ean              0.721    0.673    0.577  0.657         0.013        -0.143        -0.088        0.081
anterior_x_real/fc_100%@house_ptype      0.708    0.687    0.603  0.666         0.041        -0.081        -0.037        0.053
recalcular_x_real/fc_100%@ean            0.763    0.679    0.595  0.679         0.074        -0.100        -0.025        0.066
recalcular_x_real/fc_100%@house_ptype    0.736    0.700    0.622  0.686         0.127        -0.034         0.031        0.064

== base LY_plano
                                       2025-12  2026-03  2026-06  media  bias_2025-12  bias_2026-03  bias_2026-06  |bias|medio
tecnica                                                                                                                       
anterior_x_real/fc_100%@total            0.733    0.598    0.555  0.629         0.103        -0.088        -0.032        0.074
recalcular_x_real/fc_100%@total          0.726    0.594    0.568  0.629         0.131        -0.064         0.009        0.068
anterior_x_real/fc_50%@total             0.734    0.641    0.589  0.654         0.103         0.063         0.061        0.076
recalcular_x_real/fc_50%@total           0.727    0.639    0.605  0.657         0.133         0.090         0.107        0.110
anterior_x_real/fc_50%@ean               0.742    0.656    0.576  0.658         0.109         0.061         0.052        0.074
anterior_x_real/fc_50%@house_ptype       0.738    0.658    0.595  0.664         0.113         0.079         0.060        0.084
recalcular_x_real/fc_50%@ean             0.741    0.657    0.596  0.665         0.145         0.092         0.101        0.113
recalcular_x_real/fc_50%@house_ptype     0.735    0.659    0.613  0.669         0.152         0.109         0.107        0.123
anterior_x_real/fc_100%@house_ptype      0.751    0.679    0.604  0.678         0.122        -0.055        -0.036        0.071
anterior_x_real/fc_100%@ean              0.770    0.687    0.593  0.684         0.113        -0.091        -0.051        0.085
recalcular_x_real/fc_100%@house_ptype    0.762    0.681    0.620  0.687         0.169        -0.026         0.010        0.068
media(anterior,recalculo)                0.723    0.707    0.634  0.688         0.120         0.229         0.180        0.176
congelar_lo_anterior                     0.734    0.713    0.633  0.693         0.104         0.213         0.155        0.157
recalcular_desde_cero                    0.728    0.714    0.652  0.698         0.135         0.244         0.204        0.195
recalcular_x_real/fc_100%@ean            0.806    0.688    0.613  0.702         0.156        -0.060        -0.002        0.072

== base consenso
                                       2025-12  2026-03  2026-06  media  bias_2025-12  bias_2026-03  bias_2026-06  |bias|medio
tecnica                                                                                                                       
recalcular_x_real/fc_100%@total          0.690    0.543    0.548  0.594         0.010        -0.137         0.118        0.088
recalcular_x_real/fc_50%@total           0.741    0.571    0.553  0.622         0.143         0.022         0.131        0.099
recalcular_x_real/fc_50%@house_ptype     0.731    0.622    0.574  0.642         0.165         0.093         0.151        0.136
recalcular_x_real/fc_50%@ean             0.752    0.628    0.556  0.645         0.184         0.097         0.126        0.136
recalcular_x_real/fc_100%@house_ptype    0.685    0.683    0.594  0.654         0.054         0.005         0.157        0.072
recalcular_desde_cero                    0.805    0.629    0.559  0.664         0.275         0.181         0.145        0.201
media(anterior,recalculo)                0.808    0.648    0.560  0.672         0.338         0.248         0.154        0.247
recalcular_x_real/fc_100%@ean            0.746    0.700    0.577  0.674         0.092         0.012         0.107        0.071
anterior_x_real/fc_100%@total            0.800    0.617    0.622  0.679         0.227        -0.039         0.136        0.134
anterior_x_real/fc_100%@house_ptype      0.788    0.596    0.661  0.682         0.246        -0.026         0.156        0.143
anterior_x_real/fc_100%@ean              0.813    0.617    0.617  0.682         0.255        -0.011         0.081        0.116
anterior_x_real/fc_50%@ean               0.834    0.664    0.614  0.704         0.327         0.152         0.122        0.200
anterior_x_real/fc_50%@house_ptype       0.825    0.656    0.647  0.709         0.323         0.145         0.160        0.209
anterior_x_real/fc_50%@total             0.835    0.688    0.629  0.717         0.314         0.138         0.149        0.200
congelar_lo_anterior                     0.877    0.786    0.636  0.766         0.400         0.315         0.163        0.293

== base trend12M_completo@house_ptype
                                       2025-12  2026-03  2026-06  media  bias_2025-12  bias_2026-03  bias_2026-06  |bias|medio
tecnica                                                                                                                       
media(anterior,recalculo)                0.626    0.597    0.546  0.590        -0.145        -0.055        -0.061        0.087
congelar_lo_anterior                     0.637    0.598    0.551  0.595        -0.154        -0.081        -0.102        0.112
anterior_x_real/fc_50%@ean               0.651    0.608    0.534  0.598        -0.123        -0.137        -0.116        0.125
recalcular_desde_cero                    0.629    0.606    0.562  0.599        -0.137        -0.030        -0.019        0.062
anterior_x_real/fc_50%@total             0.658    0.596    0.554  0.603        -0.093        -0.087        -0.067        0.082
recalcular_x_real/fc_50%@ean             0.657    0.619    0.548  0.608        -0.076        -0.085        -0.034        0.065
recalcular_x_real/fc_50%@total           0.660    0.604    0.571  0.612        -0.025        -0.037         0.019        0.027
anterior_x_real/fc_100%@total            0.683    0.595    0.559  0.612        -0.031        -0.093        -0.032        0.052
anterior_x_real/fc_50%@house_ptype       0.652    0.627    0.571  0.617        -0.105        -0.094        -0.072        0.091
recalcular_x_real/fc_50%@house_ptype     0.656    0.643    0.586  0.628        -0.040        -0.035         0.016        0.031
recalcular_x_real/fc_100%@total          0.706    0.603    0.583  0.631         0.086        -0.043         0.057        0.062
anterior_x_real/fc_100%@ean              0.682    0.660    0.561  0.634        -0.091        -0.194        -0.129        0.138
anterior_x_real/fc_100%@house_ptype      0.673    0.673    0.601  0.649        -0.056        -0.108        -0.042        0.069
recalcular_x_real/fc_100%@ean            0.720    0.673    0.576  0.656        -0.015        -0.139        -0.048        0.067
recalcular_x_real/fc_100%@house_ptype    0.700    0.698    0.622  0.673         0.057        -0.041         0.052        0.050
